// Jest Snapshot v1, https://goo.gl/fbAQLP

exports[`snapshot: className css 1`] = `
".MuiInput-root {
  color: rgba(0, 0, 0, 0.87);
  display: inline-flex;
  position: relative;
  font-size: 1rem;
  font-family: \\"Roboto\\", \\"Helvetica\\", \\"Arial\\", sans-serif;
  line-height: 1.1875em;
}
.MuiInput-root.MuiInput-disabled {
  color: rgba(0, 0, 0, 0.38);
}
label + .MuiInput-formControl {
  margin-top: 16px;
}
.MuiInput-underline:after {
  left: 0;
  right: 0;
  bottom: 0;
  content: \\"\\";
  position: absolute;
  transform: scaleX(0);
  transition: transform 200ms cubic-bezier(0.0, 0, 0.2, 1) 0ms;
  border-bottom: 2px solid #303f9f;
  pointer-events: none;
}
.MuiInput-underline.MuiInput-focused:after {
  transform: scaleX(1);
}
.MuiInput-underline.MuiInput-error:after {
  transform: scaleX(1);
  border-bottom-color: #f44336;
}
.MuiInput-underline:before {
  left: 0;
  right: 0;
  bottom: 0;
  content: \\"\\\\00a0\\";
  position: absolute;
  transition: border-bottom-color 200ms cubic-bezier(0.4, 0, 0.2, 1) 0ms;
  border-bottom: 1px solid rgba(0, 0, 0, 0.42);
  pointer-events: none;
}
.MuiInput-underline:hover:not(.MuiInput-disabled):not(.MuiInput-focused):not(.MuiInput-error):before {
  border-bottom: 2px solid rgba(0, 0, 0, 0.87);
}
.MuiInput-underline.MuiInput-disabled:before {
  border-bottom: 1px dotted rgba(0, 0, 0, 0.42);
}
.MuiInput-multiline {
  padding: 6px 0 7px;
}
.MuiInput-fullWidth {
  width: 100%;
}
.MuiInput-input {
  font: inherit;
  color: currentColor;
  border: 0;
  margin: 0;
  padding: 6px 0 7px;
  display: block;
  min-width: 0;
  flex-grow: 1;
  box-sizing: content-box;
  background: none;
  vertical-align: middle;
  -webkit-tap-highlight-color: transparent;
}
.MuiInput-input::-webkit-input-placeholder {
  color: currentColor;
  opacity: 0.42;
  transition: opacity 200ms cubic-bezier(0.4, 0, 0.2, 1) 0ms;
}
.MuiInput-input::-moz-placeholder {
  color: currentColor;
  opacity: 0.42;
  transition: opacity 200ms cubic-bezier(0.4, 0, 0.2, 1) 0ms;
}
.MuiInput-input:-ms-input-placeholder {
  color: currentColor;
  opacity: 0.42;
  transition: opacity 200ms cubic-bezier(0.4, 0, 0.2, 1) 0ms;
}
.MuiInput-input::-ms-input-placeholder {
  color: currentColor;
  opacity: 0.42;
  transition: opacity 200ms cubic-bezier(0.4, 0, 0.2, 1) 0ms;
}
.MuiInput-input:focus {
  outline: 0;
}
.MuiInput-input:invalid {
  box-shadow: none;
}
.MuiInput-input::-webkit-search-decoration {
  -webkit-appearance: none;
}
.MuiInput-input.MuiInput-disabled {
  opacity: 1;
}
label[data-shrink=false] + .MuiInput-formControl .MuiInput-input::-webkit-input-placeholder {
  opacity: 0;
}
label[data-shrink=false] + .MuiInput-formControl .MuiInput-input::-moz-placeholder {
  opacity: 0;
}
label[data-shrink=false] + .MuiInput-formControl .MuiInput-input:-ms-input-placeholder {
  opacity: 0;
}
label[data-shrink=false] + .MuiInput-formControl .MuiInput-input::-ms-input-placeholder {
  opacity: 0;
}
label[data-shrink=false] + .MuiInput-formControl .MuiInput-input:focus::-webkit-input-placeholder {
  opacity: 0.42;
}
label[data-shrink=false] + .MuiInput-formControl .MuiInput-input:focus::-moz-placeholder {
  opacity: 0.42;
}
label[data-shrink=false] + .MuiInput-formControl .MuiInput-input:focus:-ms-input-placeholder {
  opacity: 0.42;
}
label[data-shrink=false] + .MuiInput-formControl .MuiInput-input:focus::-ms-input-placeholder {
  opacity: 0.42;
}
.MuiInput-inputMarginDense {
  padding-top: 3px;
}
.MuiInput-inputMultiline {
  resize: none;
  padding: 0;
}
.MuiInput-inputType {
  height: 1.1875em;
}
.MuiInput-inputTypeSearch {
  -moz-appearance: textfield;
  -webkit-appearance: textfield;
}
.MuiFormControl-root {
  margin: 0;
  border: 0;
  display: inline-flex;
  padding: 0;
  position: relative;
  min-width: 0;
  flex-direction: column;
}
.MuiFormControl-marginNormal {
  margin-top: 16px;
  margin-bottom: 8px;
}
.MuiFormControl-marginDense {
  margin-top: 8px;
  margin-bottom: 4px;
}
.MuiFormControl-fullWidth {
  width: 100%;
}
.MuiFormLabel-root {
  color: rgba(0, 0, 0, 0.54);
  padding: 0;
  font-size: 1rem;
  font-family: \\"Roboto\\", \\"Helvetica\\", \\"Arial\\", sans-serif;
  line-height: 1;
}
.MuiFormLabel-root.MuiFormLabel-focused {
  color: #303f9f;
}
.MuiFormLabel-root.MuiFormLabel-disabled {
  color: rgba(0, 0, 0, 0.38);
}
.MuiFormLabel-root.MuiFormLabel-error {
  color: #f44336;
}
.MuiFormLabel-asterisk.MuiFormLabel-error {
  color: #f44336;
}
.MuiInputLabel-root {
  transform-origin: top left;
}
.MuiInputLabel-formControl {
  top: 0;
  left: 0;
  position: absolute;
  transform: translate(0, 24px) scale(1);
}
.MuiInputLabel-marginDense {
  transform: translate(0, 21px) scale(1);
}
.MuiInputLabel-shrink {
  transform: translate(0, 1.5px) scale(0.75);
  transform-origin: top left;
}
.MuiInputLabel-animated {
  transition: transform 200ms cubic-bezier(0.0, 0, 0.2, 1) 0ms;
}
.MuiPaper-root {
  background-color: #fff;
}
.MuiPaper-rounded {
  border-radius: 4px;
}
.MuiPaper-elevation0 {
  box-shadow: none;
}
.MuiPaper-elevation1 {
  box-shadow: 0px 1px 3px 0px rgba(0, 0, 0, 0.2),0px 1px 1px 0px rgba(0, 0, 0, 0.14),0px 2px 1px -1px rgba(0, 0, 0, 0.12);
}
.MuiPaper-elevation2 {
  box-shadow: 0px 1px 5px 0px rgba(0, 0, 0, 0.2),0px 2px 2px 0px rgba(0, 0, 0, 0.14),0px 3px 1px -2px rgba(0, 0, 0, 0.12);
}
.MuiPaper-elevation3 {
  box-shadow: 0px 1px 8px 0px rgba(0, 0, 0, 0.2),0px 3px 4px 0px rgba(0, 0, 0, 0.14),0px 3px 3px -2px rgba(0, 0, 0, 0.12);
}
.MuiPaper-elevation4 {
  box-shadow: 0px 2px 4px -1px rgba(0, 0, 0, 0.2),0px 4px 5px 0px rgba(0, 0, 0, 0.14),0px 1px 10px 0px rgba(0, 0, 0, 0.12);
}
.MuiPaper-elevation5 {
  box-shadow: 0px 3px 5px -1px rgba(0, 0, 0, 0.2),0px 5px 8px 0px rgba(0, 0, 0, 0.14),0px 1px 14px 0px rgba(0, 0, 0, 0.12);
}
.MuiPaper-elevation6 {
  box-shadow: 0px 3px 5px -1px rgba(0, 0, 0, 0.2),0px 6px 10px 0px rgba(0, 0, 0, 0.14),0px 1px 18px 0px rgba(0, 0, 0, 0.12);
}
.MuiPaper-elevation7 {
  box-shadow: 0px 4px 5px -2px rgba(0, 0, 0, 0.2),0px 7px 10px 1px rgba(0, 0, 0, 0.14),0px 2px 16px 1px rgba(0, 0, 0, 0.12);
}
.MuiPaper-elevation8 {
  box-shadow: 0px 5px 5px -3px rgba(0, 0, 0, 0.2),0px 8px 10px 1px rgba(0, 0, 0, 0.14),0px 3px 14px 2px rgba(0, 0, 0, 0.12);
}
.MuiPaper-elevation9 {
  box-shadow: 0px 5px 6px -3px rgba(0, 0, 0, 0.2),0px 9px 12px 1px rgba(0, 0, 0, 0.14),0px 3px 16px 2px rgba(0, 0, 0, 0.12);
}
.MuiPaper-elevation10 {
  box-shadow: 0px 6px 6px -3px rgba(0, 0, 0, 0.2),0px 10px 14px 1px rgba(0, 0, 0, 0.14),0px 4px 18px 3px rgba(0, 0, 0, 0.12);
}
.MuiPaper-elevation11 {
  box-shadow: 0px 6px 7px -4px rgba(0, 0, 0, 0.2),0px 11px 15px 1px rgba(0, 0, 0, 0.14),0px 4px 20px 3px rgba(0, 0, 0, 0.12);
}
.MuiPaper-elevation12 {
  box-shadow: 0px 7px 8px -4px rgba(0, 0, 0, 0.2),0px 12px 17px 2px rgba(0, 0, 0, 0.14),0px 5px 22px 4px rgba(0, 0, 0, 0.12);
}
.MuiPaper-elevation13 {
  box-shadow: 0px 7px 8px -4px rgba(0, 0, 0, 0.2),0px 13px 19px 2px rgba(0, 0, 0, 0.14),0px 5px 24px 4px rgba(0, 0, 0, 0.12);
}
.MuiPaper-elevation14 {
  box-shadow: 0px 7px 9px -4px rgba(0, 0, 0, 0.2),0px 14px 21px 2px rgba(0, 0, 0, 0.14),0px 5px 26px 4px rgba(0, 0, 0, 0.12);
}
.MuiPaper-elevation15 {
  box-shadow: 0px 8px 9px -5px rgba(0, 0, 0, 0.2),0px 15px 22px 2px rgba(0, 0, 0, 0.14),0px 6px 28px 5px rgba(0, 0, 0, 0.12);
}
.MuiPaper-elevation16 {
  box-shadow: 0px 8px 10px -5px rgba(0, 0, 0, 0.2),0px 16px 24px 2px rgba(0, 0, 0, 0.14),0px 6px 30px 5px rgba(0, 0, 0, 0.12);
}
.MuiPaper-elevation17 {
  box-shadow: 0px 8px 11px -5px rgba(0, 0, 0, 0.2),0px 17px 26px 2px rgba(0, 0, 0, 0.14),0px 6px 32px 5px rgba(0, 0, 0, 0.12);
}
.MuiPaper-elevation18 {
  box-shadow: 0px 9px 11px -5px rgba(0, 0, 0, 0.2),0px 18px 28px 2px rgba(0, 0, 0, 0.14),0px 7px 34px 6px rgba(0, 0, 0, 0.12);
}
.MuiPaper-elevation19 {
  box-shadow: 0px 9px 12px -6px rgba(0, 0, 0, 0.2),0px 19px 29px 2px rgba(0, 0, 0, 0.14),0px 7px 36px 6px rgba(0, 0, 0, 0.12);
}
.MuiPaper-elevation20 {
  box-shadow: 0px 10px 13px -6px rgba(0, 0, 0, 0.2),0px 20px 31px 3px rgba(0, 0, 0, 0.14),0px 8px 38px 7px rgba(0, 0, 0, 0.12);
}
.MuiPaper-elevation21 {
  box-shadow: 0px 10px 13px -6px rgba(0, 0, 0, 0.2),0px 21px 33px 3px rgba(0, 0, 0, 0.14),0px 8px 40px 7px rgba(0, 0, 0, 0.12);
}
.MuiPaper-elevation22 {
  box-shadow: 0px 10px 14px -6px rgba(0, 0, 0, 0.2),0px 22px 35px 3px rgba(0, 0, 0, 0.14),0px 8px 42px 7px rgba(0, 0, 0, 0.12);
}
.MuiPaper-elevation23 {
  box-shadow: 0px 11px 14px -7px rgba(0, 0, 0, 0.2),0px 23px 36px 3px rgba(0, 0, 0, 0.14),0px 9px 44px 8px rgba(0, 0, 0, 0.12);
}
.MuiPaper-elevation24 {
  box-shadow: 0px 11px 15px -7px rgba(0, 0, 0, 0.2),0px 24px 38px 3px rgba(0, 0, 0, 0.14),0px 9px 46px 8px rgba(0, 0, 0, 0.12);
}
.fcInput-input > input {
  overflow: hidden;
  white-space: nowrap;
  text-overflow: ellipsis;
}
.fcInput-readOnly > input {
  color: rgba(0, 0, 0, 0.87);
}
.fcAutocomplete-root {
  position: relative;
  flex-grow: 1;
}
.fcAutocomplete-suggestionsContainerOpen {
  left: 0;
  right: 0;
  z-index: 1500;
  position: relative;
  overflow: auto;
  margin-top: 8px;
  max-height: 240px;
  margin-bottom: 24px;
}
.fcAutocomplete-suggestion {
  display: block;
}
.fcAutocomplete-suggestionContent {
  font-weight: 300;
}
.fcAutocomplete-highlight {
  font-weight: 500;
}
.fcAutocomplete-suggestionsList {
  margin: 0;
  padding: 0;
  list-style-type: none;
}
.fcAutocomplete-textField {
  width: 100%;
}
.fcTags-formControl {
  display: flex;
  flex-wrap: wrap;
}
label + .fcTags-formControl {
  margin-top: 16px;
}
.fcTags-chip {
  margin-top: 8px;
  margin-right: 8px;
}
.fcTags-input {
  flex-grow: 1;
  margin-top: 8px;
}
.fcTags-readOnly {
  color: rgba(0, 0, 0, 0.87);
}"
`;

exports[`snapshot: className html 1`] = `
<div
  className="MuiFormControl-root MuiFormControl-fullWidth test-class fcTags-root"
>
  <label
    className="MuiFormLabel-root MuiInputLabel-root MuiInputLabel-formControl MuiInputLabel-animated"
    data-shrink={false}
    htmlFor="_lllllm"
  />
  <div
    className="fcTags-formControl"
  >
    <form
      className="fcAutocomplete-root fcTags-input"
      onSubmit={[Function]}
    >
      <div
        aria-expanded={false}
        aria-haspopup="listbox"
        aria-owns="react-autowhatever-1"
        role="combobox"
        style={Object {}}
      >
        <div
          className="MuiFormControl-root MuiFormControl-fullWidth fcAutocomplete-textField fcInput-root"
        >
          <div
            aria-activedescendant={null}
            aria-autocomplete="list"
            aria-controls="react-autowhatever-1"
            className="MuiInput-root MuiInput-fullWidth MuiInput-formControl MuiInput-underline"
            style={Object {}}
          >
            <input
              aria-invalid={false}
              aria-required={false}
              autoComplete="off"
              className="MuiInput-input"
              disabled={false}
              onBlur={[Function]}
              onChange={[Function]}
              onFocus={[Function]}
              onKeyDown={[Function]}
              type="text"
              value=""
            />
          </div>
        </div>
        <div
          className="MuiPaper-root MuiPaper-elevation2"
          id="react-autowhatever-1"
          role="listbox"
          style={Object {}}
        />
      </div>
    </form>
  </div>
</div>
`;

exports[`snapshot: only label css 1`] = `""`;

exports[`snapshot: only label html 1`] = `
<div
  className="MuiFormControl-root MuiFormControl-fullWidth fcTags-root"
>
  <label
    className="MuiFormLabel-root MuiInputLabel-root MuiInputLabel-formControl MuiInputLabel-animated"
    data-shrink={false}
    htmlFor="_lllllm"
  >
    tags
  </label>
  <div
    className="fcTags-formControl"
  >
    <form
      className="fcAutocomplete-root fcTags-input"
      onSubmit={[Function]}
    >
      <div
        aria-expanded={false}
        aria-haspopup="listbox"
        aria-owns="react-autowhatever-1"
        role="combobox"
        style={Object {}}
      >
        <div
          className="MuiFormControl-root MuiFormControl-fullWidth fcAutocomplete-textField fcInput-root"
        >
          <div
            aria-activedescendant={null}
            aria-autocomplete="list"
            aria-controls="react-autowhatever-1"
            className="MuiInput-root MuiInput-fullWidth MuiInput-formControl MuiInput-underline"
            style={Object {}}
          >
            <input
              aria-invalid={false}
              aria-required={false}
              autoComplete="off"
              className="MuiInput-input"
              disabled={false}
              onBlur={[Function]}
              onChange={[Function]}
              onFocus={[Function]}
              onKeyDown={[Function]}
              type="text"
              value=""
            />
          </div>
        </div>
        <div
          className="MuiPaper-root MuiPaper-elevation2"
          id="react-autowhatever-1"
          role="listbox"
          style={Object {}}
        />
      </div>
    </form>
  </div>
</div>
`;

exports[`snapshot: very mach tags css 1`] = `""`;

exports[`snapshot: very mach tags html 1`] = `
<div
  className="MuiFormControl-root MuiFormControl-fullWidth fcTags-root"
>
  <label
    className="MuiFormLabel-root MuiInputLabel-root MuiInputLabel-formControl MuiInputLabel-animated MuiInputLabel-shrink"
    data-shrink={true}
    htmlFor="_lllllm"
  >
    tags
  </label>
  <div
    className="fcTags-formControl"
  >
    <div
      className="MuiChip-root fcTags-chip"
      onKeyDown={[Function]}
      role="button"
      tabIndex={-1}
    >
      <span
        className="MuiChip-label"
      >
        super tag-1
      </span>
    </div>
    <div
      className="MuiChip-root fcTags-chip"
      onKeyDown={[Function]}
      role="button"
      tabIndex={-1}
    >
      <span
        className="MuiChip-label"
      >
        super tag-2
      </span>
    </div>
    <div
      className="MuiChip-root fcTags-chip"
      onKeyDown={[Function]}
      role="button"
      tabIndex={-1}
    >
      <span
        className="MuiChip-label"
      >
        super tag-3
      </span>
    </div>
    <div
      className="MuiChip-root fcTags-chip"
      onKeyDown={[Function]}
      role="button"
      tabIndex={-1}
    >
      <span
        className="MuiChip-label"
      >
        super tag-4
      </span>
    </div>
    <div
      className="MuiChip-root fcTags-chip"
      onKeyDown={[Function]}
      role="button"
      tabIndex={-1}
    >
      <span
        className="MuiChip-label"
      >
        super tag-5
      </span>
    </div>
    <div
      className="MuiChip-root fcTags-chip"
      onKeyDown={[Function]}
      role="button"
      tabIndex={-1}
    >
      <span
        className="MuiChip-label"
      >
        super tag-6
      </span>
    </div>
    <div
      className="MuiChip-root fcTags-chip"
      onKeyDown={[Function]}
      role="button"
      tabIndex={-1}
    >
      <span
        className="MuiChip-label"
      >
        super tag-7
      </span>
    </div>
    <div
      className="MuiChip-root fcTags-chip"
      onKeyDown={[Function]}
      role="button"
      tabIndex={-1}
    >
      <span
        className="MuiChip-label"
      >
        super tag-8
      </span>
    </div>
    <div
      className="MuiChip-root fcTags-chip"
      onKeyDown={[Function]}
      role="button"
      tabIndex={-1}
    >
      <span
        className="MuiChip-label"
      >
        super tag-9
      </span>
    </div>
    <div
      className="MuiChip-root fcTags-chip"
      onKeyDown={[Function]}
      role="button"
      tabIndex={-1}
    >
      <span
        className="MuiChip-label"
      >
        super tag-10
      </span>
    </div>
    <div
      className="MuiChip-root fcTags-chip"
      onKeyDown={[Function]}
      role="button"
      tabIndex={-1}
    >
      <span
        className="MuiChip-label"
      >
        super tag-11
      </span>
    </div>
    <div
      className="MuiChip-root fcTags-chip"
      onKeyDown={[Function]}
      role="button"
      tabIndex={-1}
    >
      <span
        className="MuiChip-label"
      >
        super tag-12
      </span>
    </div>
    <div
      className="MuiChip-root fcTags-chip"
      onKeyDown={[Function]}
      role="button"
      tabIndex={-1}
    >
      <span
        className="MuiChip-label"
      >
        super tag-13
      </span>
    </div>
    <div
      className="MuiChip-root fcTags-chip"
      onKeyDown={[Function]}
      role="button"
      tabIndex={-1}
    >
      <span
        className="MuiChip-label"
      >
        super tag-14
      </span>
    </div>
    <div
      className="MuiChip-root fcTags-chip"
      onKeyDown={[Function]}
      role="button"
      tabIndex={-1}
    >
      <span
        className="MuiChip-label"
      >
        super tag-15
      </span>
    </div>
    <div
      className="MuiChip-root fcTags-chip"
      onKeyDown={[Function]}
      role="button"
      tabIndex={-1}
    >
      <span
        className="MuiChip-label"
      >
        super tag-16
      </span>
    </div>
    <div
      className="MuiChip-root fcTags-chip"
      onKeyDown={[Function]}
      role="button"
      tabIndex={-1}
    >
      <span
        className="MuiChip-label"
      >
        super tag-17
      </span>
    </div>
    <div
      className="MuiChip-root fcTags-chip"
      onKeyDown={[Function]}
      role="button"
      tabIndex={-1}
    >
      <span
        className="MuiChip-label"
      >
        super tag-18
      </span>
    </div>
    <div
      className="MuiChip-root fcTags-chip"
      onKeyDown={[Function]}
      role="button"
      tabIndex={-1}
    >
      <span
        className="MuiChip-label"
      >
        super tag-19
      </span>
    </div>
    <div
      className="MuiChip-root fcTags-chip"
      onKeyDown={[Function]}
      role="button"
      tabIndex={-1}
    >
      <span
        className="MuiChip-label"
      >
        super tag-20
      </span>
    </div>
    <form
      className="fcAutocomplete-root fcTags-input"
      onSubmit={[Function]}
    >
      <div
        aria-expanded={false}
        aria-haspopup="listbox"
        aria-owns="react-autowhatever-1"
        role="combobox"
        style={Object {}}
      >
        <div
          className="MuiFormControl-root MuiFormControl-fullWidth fcAutocomplete-textField fcInput-root"
        >
          <div
            aria-activedescendant={null}
            aria-autocomplete="list"
            aria-controls="react-autowhatever-1"
            className="MuiInput-root MuiInput-fullWidth MuiInput-formControl MuiInput-underline"
            style={Object {}}
          >
            <input
              aria-invalid={false}
              aria-required={false}
              autoComplete="off"
              className="MuiInput-input"
              disabled={false}
              onBlur={[Function]}
              onChange={[Function]}
              onFocus={[Function]}
              onKeyDown={[Function]}
              type="text"
              value=""
            />
          </div>
        </div>
        <div
          className="MuiPaper-root MuiPaper-elevation2"
          id="react-autowhatever-1"
          role="listbox"
          style={Object {}}
        />
      </div>
    </form>
  </div>
</div>
`;

exports[`snapshot: with handlers css 1`] = `
".MuiSvgIcon-root {
  fill: currentColor;
  width: 1em;
  height: 1em;
  display: inline-block;
  font-size: 24px;
  transition: fill 200ms cubic-bezier(0.4, 0, 0.2, 1) 0ms;
  user-select: none;
  flex-shrink: 0;
}
.MuiSvgIcon-colorPrimary {
  color: #3f51b5;
}
.MuiSvgIcon-colorSecondary {
  color: #f50057;
}
.MuiSvgIcon-colorAction {
  color: rgba(0, 0, 0, 0.54);
}
.MuiSvgIcon-colorError {
  color: #f44336;
}
.MuiSvgIcon-colorDisabled {
  color: rgba(0, 0, 0, 0.26);
}"
`;

exports[`snapshot: with handlers css 2`] = `""`;

exports[`snapshot: with handlers html 1`] = `
<div
  className="MuiFormControl-root MuiFormControl-fullWidth fcTags-root"
>
  <label
    className="MuiFormLabel-root MuiInputLabel-root MuiInputLabel-formControl MuiInputLabel-animated MuiInputLabel-shrink"
    data-shrink={true}
    htmlFor="_lllllm"
  >
    tags
  </label>
  <div
    className="fcTags-formControl"
  >
    <div
      className="MuiChip-root MuiChip-deletable fcTags-chip"
      onKeyDown={[Function]}
      role="button"
      tabIndex={0}
    >
      <span
        className="MuiChip-label"
      >
        super tag-1
      </span>
      <svg
        aria-hidden="true"
        className="MuiSvgIcon-root MuiChip-deleteIcon"
        focusable="false"
        onClick={[Function]}
        viewBox="0 0 24 24"
      >
        <path
          d="M12 2C6.47 2 2 6.47 2 12s4.47 10 10 10 10-4.47 10-10S17.53 2 12 2zm5 13.59L15.59 17 12 13.41 8.41 17 7 15.59 10.59 12 7 8.41 8.41 7 12 10.59 15.59 7 17 8.41 13.41 12 17 15.59z"
        />
      </svg>
    </div>
    <div
      className="MuiChip-root MuiChip-deletable fcTags-chip"
      onKeyDown={[Function]}
      role="button"
      tabIndex={0}
    >
      <span
        className="MuiChip-label"
      >
        super tag-2
      </span>
      <svg
        aria-hidden="true"
        className="MuiSvgIcon-root MuiChip-deleteIcon"
        focusable="false"
        onClick={[Function]}
        viewBox="0 0 24 24"
      >
        <path
          d="M12 2C6.47 2 2 6.47 2 12s4.47 10 10 10 10-4.47 10-10S17.53 2 12 2zm5 13.59L15.59 17 12 13.41 8.41 17 7 15.59 10.59 12 7 8.41 8.41 7 12 10.59 15.59 7 17 8.41 13.41 12 17 15.59z"
        />
      </svg>
    </div>
    <form
      className="fcAutocomplete-root fcTags-input"
      onSubmit={[Function]}
    >
      <div
        aria-expanded={false}
        aria-haspopup="listbox"
        aria-owns="react-autowhatever-1"
        role="combobox"
        style={Object {}}
      >
        <div
          className="MuiFormControl-root MuiFormControl-fullWidth fcAutocomplete-textField fcInput-root"
        >
          <div
            aria-activedescendant={null}
            aria-autocomplete="list"
            aria-controls="react-autowhatever-1"
            className="MuiInput-root MuiInput-fullWidth MuiInput-formControl MuiInput-underline"
            style={Object {}}
          >
            <input
              aria-invalid={false}
              aria-required={false}
              autoComplete="off"
              className="MuiInput-input"
              disabled={false}
              onBlur={[Function]}
              onChange={[Function]}
              onFocus={[Function]}
              onKeyDown={[Function]}
              type="text"
              value=""
            />
          </div>
        </div>
        <div
          className="MuiPaper-root MuiPaper-elevation2"
          id="react-autowhatever-1"
          role="listbox"
          style={Object {}}
        />
      </div>
    </form>
  </div>
</div>
`;

exports[`snapshot: with handlers html 2`] = `
<div
  className="MuiFormControl-root MuiFormControl-fullWidth fcTags-root"
>
  <label
    className="MuiFormLabel-root MuiInputLabel-root MuiInputLabel-formControl MuiInputLabel-animated MuiInputLabel-shrink"
    data-shrink={true}
    htmlFor="_lllllm"
  >
    tags
  </label>
  <div
    className="fcTags-formControl"
  >
    <div
      className="MuiChip-root fcTags-chip"
      onKeyDown={[Function]}
      role="button"
      tabIndex={-1}
    >
      <span
        className="MuiChip-label"
      >
        super tag-1
      </span>
    </div>
    <div
      className="MuiChip-root fcTags-chip"
      onKeyDown={[Function]}
      role="button"
      tabIndex={-1}
    >
      <span
        className="MuiChip-label"
      >
        super tag-2
      </span>
    </div>
    <form
      className="fcAutocomplete-root fcTags-input"
      onSubmit={[Function]}
    >
      <div
        aria-expanded={false}
        aria-haspopup="listbox"
        aria-owns="react-autowhatever-1"
        role="combobox"
        style={Object {}}
      >
        <div
          className="MuiFormControl-root MuiFormControl-fullWidth fcAutocomplete-textField fcInput-root"
        >
          <div
            aria-activedescendant={null}
            aria-autocomplete="list"
            aria-controls="react-autowhatever-1"
            className="MuiInput-root MuiInput-disabled MuiInput-fullWidth MuiInput-formControl MuiInput-underline"
            style={Object {}}
          >
            <input
              aria-invalid={false}
              aria-required={false}
              autoComplete="off"
              className="MuiInput-input MuiInput-disabled"
              disabled={true}
              onBlur={[Function]}
              onChange={[Function]}
              onFocus={[Function]}
              onKeyDown={[Function]}
              type="text"
              value=""
            />
          </div>
        </div>
        <div
          className="MuiPaper-root MuiPaper-elevation2"
          id="react-autowhatever-1"
          role="listbox"
          style={Object {}}
        />
      </div>
    </form>
  </div>
</div>
`;

exports[`snapshot: with list and text css 1`] = `
".MuiChip-root {
  color: rgba(0, 0, 0, 0.87);
  border: none;
  height: 32px;
  cursor: default;
  padding: 0;
  display: inline-flex;
  outline: none;
  font-size: 0.8125rem;
  transition: background-color 300ms cubic-bezier(0.4, 0, 0.2, 1) 0ms,box-shadow 300ms cubic-bezier(0.4, 0, 0.2, 1) 0ms;
  white-space: nowrap;
  align-items: center;
  font-family: \\"Roboto\\", \\"Helvetica\\", \\"Arial\\", sans-serif;
  border-radius: 16px;
  text-decoration: none;
  justify-content: center;
  background-color: #e0e0e0;
}
.MuiChip-clickable {
  cursor: pointer;
  -webkit-tap-highlight-color: transparent;
}
.MuiChip-clickable:hover, .MuiChip-clickable:focus {
  background-color: rgb(206, 206, 206);
}
.MuiChip-clickable:active {
  box-shadow: 0px 1px 3px 0px rgba(0, 0, 0, 0.2),0px 1px 1px 0px rgba(0, 0, 0, 0.14),0px 2px 1px -1px rgba(0, 0, 0, 0.12);
  background-color: rgb(197, 197, 197);
}
.MuiChip-deletable:focus {
  background-color: rgb(206, 206, 206);
}
.MuiChip-avatar {
  width: 32px;
  color: #616161;
  height: 32px;
  font-size: 1rem;
  margin-right: -4px;
}
.MuiChip-avatarChildren {
  width: 19px;
  height: 19px;
}
.MuiChip-label {
  cursor: inherit;
  display: flex;
  align-items: center;
  user-select: none;
  white-space: nowrap;
  padding-left: 12px;
  padding-right: 12px;
}
.MuiChip-deleteIcon {
  color: rgba(0, 0, 0, 0.26);
  cursor: pointer;
  height: auto;
  margin: 0 4px 0 -8px;
  -webkit-tap-highlight-color: transparent;
}
.MuiChip-deleteIcon:hover {
  color: rgba(0, 0, 0, 0.4);
}"
`;

exports[`snapshot: with list and text html 1`] = `
<div
  className="MuiFormControl-root MuiFormControl-fullWidth fcTags-root"
>
  <label
    className="MuiFormLabel-root MuiInputLabel-root MuiInputLabel-formControl MuiInputLabel-animated MuiInputLabel-shrink"
    data-shrink={true}
    htmlFor="_lllllm"
  >
    tags
  </label>
  <div
    className="fcTags-formControl"
  >
    <div
      className="MuiChip-root fcTags-chip"
      onKeyDown={[Function]}
      role="button"
      tabIndex={-1}
    >
      <span
        className="MuiChip-label"
      >
        super tag-1
      </span>
    </div>
    <div
      className="MuiChip-root fcTags-chip"
      onKeyDown={[Function]}
      role="button"
      tabIndex={-1}
    >
      <span
        className="MuiChip-label"
      >
        super tag-2
      </span>
    </div>
    <form
      className="fcAutocomplete-root fcTags-input"
      onSubmit={[Function]}
    >
      <div
        aria-expanded={false}
        aria-haspopup="listbox"
        aria-owns="react-autowhatever-1"
        role="combobox"
        style={Object {}}
      >
        <div
          className="MuiFormControl-root MuiFormControl-fullWidth fcAutocomplete-textField fcInput-root"
        >
          <div
            aria-activedescendant={null}
            aria-autocomplete="list"
            aria-controls="react-autowhatever-1"
            className="MuiInput-root MuiInput-fullWidth MuiInput-formControl MuiInput-underline"
            style={Object {}}
          >
            <input
              aria-invalid={false}
              aria-required={false}
              autoComplete="off"
              className="MuiInput-input"
              disabled={false}
              onBlur={[Function]}
              onChange={[Function]}
              onFocus={[Function]}
              onKeyDown={[Function]}
              type="text"
              value="tag"
            />
          </div>
        </div>
        <div
          className="MuiPaper-root MuiPaper-elevation2"
          id="react-autowhatever-1"
          role="listbox"
          style={Object {}}
        />
      </div>
    </form>
  </div>
</div>
`;

exports[`snapshot: with text css 1`] = `""`;

exports[`snapshot: with text html 1`] = `
<div
  className="MuiFormControl-root MuiFormControl-fullWidth fcTags-root"
>
  <label
    className="MuiFormLabel-root MuiInputLabel-root MuiInputLabel-formControl MuiInputLabel-animated MuiInputLabel-shrink"
    data-shrink={true}
    htmlFor="_lllllm"
  >
    tags
  </label>
  <div
    className="fcTags-formControl"
  >
    <form
      className="fcAutocomplete-root fcTags-input"
      onSubmit={[Function]}
    >
      <div
        aria-expanded={false}
        aria-haspopup="listbox"
        aria-owns="react-autowhatever-1"
        role="combobox"
        style={Object {}}
      >
        <div
          className="MuiFormControl-root MuiFormControl-fullWidth fcAutocomplete-textField fcInput-root"
        >
          <div
            aria-activedescendant={null}
            aria-autocomplete="list"
            aria-controls="react-autowhatever-1"
            className="MuiInput-root MuiInput-fullWidth MuiInput-formControl MuiInput-underline"
            style={Object {}}
          >
            <input
              aria-invalid={false}
              aria-required={false}
              autoComplete="off"
              className="MuiInput-input"
              disabled={false}
              onBlur={[Function]}
              onChange={[Function]}
              onFocus={[Function]}
              onKeyDown={[Function]}
              type="text"
              value="tag"
            />
          </div>
        </div>
        <div
          className="MuiPaper-root MuiPaper-elevation2"
          id="react-autowhatever-1"
          role="listbox"
          style={Object {}}
        />
      </div>
    </form>
  </div>
</div>
`;

exports[`snapshot: without props css 1`] = `""`;

exports[`snapshot: without props html 1`] = `
<div
  className="MuiFormControl-root MuiFormControl-fullWidth fcTags-root"
>
  <label
    className="MuiFormLabel-root MuiInputLabel-root MuiInputLabel-formControl MuiInputLabel-animated"
    data-shrink={false}
    htmlFor="_lllllm"
  />
  <div
    className="fcTags-formControl"
  >
    <form
      className="fcAutocomplete-root fcTags-input"
      onSubmit={[Function]}
    >
      <div
        aria-expanded={false}
        aria-haspopup="listbox"
        aria-owns="react-autowhatever-1"
        role="combobox"
        style={Object {}}
      >
        <div
          className="MuiFormControl-root MuiFormControl-fullWidth fcAutocomplete-textField fcInput-root"
        >
          <div
            aria-activedescendant={null}
            aria-autocomplete="list"
            aria-controls="react-autowhatever-1"
            className="MuiInput-root MuiInput-fullWidth MuiInput-formControl MuiInput-underline"
            style={Object {}}
          >
            <input
              aria-invalid={false}
              aria-required={false}
              autoComplete="off"
              className="MuiInput-input"
              disabled={false}
              onBlur={[Function]}
              onChange={[Function]}
              onFocus={[Function]}
              onKeyDown={[Function]}
              type="text"
              value=""
            />
          </div>
        </div>
        <div
          className="MuiPaper-root MuiPaper-elevation2"
          id="react-autowhatever-1"
          role="listbox"
          style={Object {}}
        />
      </div>
    </form>
  </div>
</div>
`;
